<testsuites name="results">
  <testsuite name="all" package="all">
    <property name="random_seed" value="1704042910" />
    <testcase name="tb" classname="tb" file="E:\Digital_Verf\Counter_CoCotb\tb.py" lineno="7" time="2.6528916358947754" sim_time_ns="10025.001" ratio_time="3778.895777105022" />
  </testsuite>
</testsuites>
